I'm sorry, but errors were detected in your script. Please correct the
errors listed below, and try again.


File "game/script.rpy", line 490: choice menuitem expects a non-empty block.
    "Use your network of informants to track Moriarty's next move and intercept the blade before it's lost.":
                                                                                                             ^

Ren'Py Version: Ren'Py 8.3.3.24111502
Thu Dec 19 16:46:05 2024
